============================================================
  Jupyter is starting on: gina1:45467

  To connect, run this on your LOCAL machine:
    ssh -N -L 45467:gina1:45467 achin@tooarrana1.hpc.swin.edu.au

  Then open in your browser:
    http://localhost:45467
============================================================
[I 2026-06-09 17:53:01.543 ServerApp] jupyter_lsp | extension was successfully linked.
[I 2026-06-09 17:53:01.548 ServerApp] jupyter_server_terminals | extension was successfully linked.
[W 2026-06-09 17:53:01.550 LabApp] 'token' has moved from NotebookApp to ServerApp. This config will be passed to ServerApp. Be sure to update your config before our next release.
[W 2026-06-09 17:53:01.550 LabApp] 'password' has moved from NotebookApp to ServerApp. This config will be passed to ServerApp. Be sure to update your config before our next release.
[W 2026-06-09 17:53:01.552 ServerApp] ServerApp.token config is deprecated in 2.0. Use IdentityProvider.token.
[I 2026-06-09 17:53:01.552 ServerApp] jupyterlab | extension was successfully linked.
[I 2026-06-09 17:53:01.557 ServerApp] notebook | extension was successfully linked.
[I 2026-06-09 17:53:02.512 ServerApp] notebook_shim | extension was successfully linked.
[W 2026-06-09 17:53:02.602 ServerApp] All authentication is disabled.  Anyone who can connect to this server will be able to run code.
[I 2026-06-09 17:53:02.603 ServerApp] notebook_shim | extension was successfully loaded.
[I 2026-06-09 17:53:02.605 ServerApp] jupyter_lsp | extension was successfully loaded.
[I 2026-06-09 17:53:02.606 ServerApp] jupyter_server_terminals | extension was successfully loaded.
[I 2026-06-09 17:53:02.619 LabApp] JupyterLab extension loaded from /home/achin/COS40007-Group/.venv/lib64/python3.9/site-packages/jupyterlab
[I 2026-06-09 17:53:02.619 LabApp] JupyterLab application directory is /home/achin/COS40007-Group/.venv/share/jupyter/lab
[I 2026-06-09 17:53:02.620 LabApp] Extension Manager is 'pypi'.
[I 2026-06-09 17:53:02.722 ServerApp] jupyterlab | extension was successfully loaded.
[I 2026-06-09 17:53:02.728 ServerApp] notebook | extension was successfully loaded.
[I 2026-06-09 17:53:02.729 ServerApp] Serving notebooks from local directory: /home/achin/COS40007-Group
[I 2026-06-09 17:53:02.729 ServerApp] Jupyter Server 2.18.2 is running at:
[I 2026-06-09 17:53:02.729 ServerApp] http://gina1:45467/tree
[I 2026-06-09 17:53:02.729 ServerApp]     http://127.0.0.1:45467/tree
[I 2026-06-09 17:53:02.729 ServerApp] Use Control-C to stop this server and shut down all kernels (twice to skip confirmation).
[I 2026-06-09 17:53:02.838 ServerApp] Skipped non-installed server(s): basedpyright, bash-language-server, dockerfile-language-server-nodejs, javascript-typescript-langserver, jedi-language-server, julia-language-server, pyrefly, pyright, python-language-server, python-lsp-server, r-languageserver, sql-language-server, texlab, typescript-language-server, unified-language-server, vscode-css-languageserver-bin, vscode-html-languageserver-bin, vscode-json-languageserver-bin, yaml-language-server
[I 2026-06-09 17:59:50.134 ServerApp] 302 GET / (@192.168.22.31) 0.50ms
[I 2026-06-09 18:00:11.660 ServerApp] Kernel started: 1e6a6d23-d514-4b08-9c7e-0d5fee552031
[I 2026-06-09 18:00:13.575 ServerApp] Connecting to kernel 1e6a6d23-d514-4b08-9c7e-0d5fee552031.
[I 2026-06-09 18:00:13.577 ServerApp] Connecting to kernel 1e6a6d23-d514-4b08-9c7e-0d5fee552031.
[W 2026-06-09 18:00:13.578 ServerApp] The websocket_ping_timeout (90000) cannot be longer than the websocket_ping_interval (30000).
    Setting websocket_ping_timeout=30000
[I 2026-06-09 18:00:13.952 ServerApp] Connecting to kernel 1e6a6d23-d514-4b08-9c7e-0d5fee552031.
[I 2026-06-09 18:03:08.559 ServerApp] Kernel restarted: 1e6a6d23-d514-4b08-9c7e-0d5fee552031
[I 2026-06-09 18:03:08.688 ServerApp] Starting buffering for 1e6a6d23-d514-4b08-9c7e-0d5fee552031:b3c676d0-a3ce-44c4-9a94-f42342d2540c
[I 2026-06-09 18:03:08.941 ServerApp] Connecting to kernel 1e6a6d23-d514-4b08-9c7e-0d5fee552031.
[I 2026-06-09 18:03:08.942 ServerApp] Restoring connection for 1e6a6d23-d514-4b08-9c7e-0d5fee552031:b3c676d0-a3ce-44c4-9a94-f42342d2540c
ERROR:tornado.general:Uncaught exception in ZMQStream callback
Traceback (most recent call last):
  File "/home/achin/COS40007-Group/.venv/lib64/python3.9/site-packages/traitlets/traitlets.py", line 651, in get
    value = obj._trait_values[self.name]
KeyError: '_control_lock'

During handling of the above exception, another exception occurred:

Traceback (most recent call last):
  File "/home/achin/COS40007-Group/.venv/lib64/python3.9/site-packages/zmq/eventloop/zmqstream.py", line 565, in _log_error
    f.result()
  File "/home/achin/COS40007-Group/.venv/lib64/python3.9/site-packages/ipykernel/kernelbase.py", line 301, in dispatch_control
    async with self._control_lock:
  File "/home/achin/COS40007-Group/.venv/lib64/python3.9/site-packages/traitlets/traitlets.py", line 706, in __get__
    return self.get(obj, cls)  # type:ignore[return-value]
  File "/home/achin/COS40007-Group/.venv/lib64/python3.9/site-packages/traitlets/traitlets.py", line 668, in get
    value = self._validate(obj, default)
  File "/home/achin/COS40007-Group/.venv/lib64/python3.9/site-packages/traitlets/traitlets.py", line 741, in _validate
    value = self.validate(obj, value)
  File "/home/achin/COS40007-Group/.venv/lib64/python3.9/site-packages/traitlets/traitlets.py", line 2319, in validate
    self.error(obj, value)
  File "/home/achin/COS40007-Group/.venv/lib64/python3.9/site-packages/traitlets/traitlets.py", line 850, in error
    raise TraitError(e)
traitlets.traitlets.TraitError: The '_control_lock' trait of an IPythonKernel instance expected a Lock, not the NoneType None.
[I 2026-06-09 18:04:06.073 ServerApp] Kernel interrupted: 1e6a6d23-d514-4b08-9c7e-0d5fee552031
[I 2026-06-09 18:04:11.341 ServerApp] Starting buffering for 1e6a6d23-d514-4b08-9c7e-0d5fee552031:b3c676d0-a3ce-44c4-9a94-f42342d2540c
