============================================================
  Jupyter is starting on: gina12:38691

  To connect, run this on your LOCAL machine:
    ssh -N -L 38691:gina12:38691 achin@tooarrana1.hpc.swin.edu.au

  Then open in your browser:
    http://localhost:38691
============================================================
[I 2026-06-09 16:25:49.631 ServerApp] jupyter_lsp | extension was successfully linked.
[I 2026-06-09 16:25:49.636 ServerApp] jupyter_server_terminals | extension was successfully linked.
[W 2026-06-09 16:25:49.638 LabApp] 'token' has moved from NotebookApp to ServerApp. This config will be passed to ServerApp. Be sure to update your config before our next release.
[W 2026-06-09 16:25:49.638 LabApp] 'password' has moved from NotebookApp to ServerApp. This config will be passed to ServerApp. Be sure to update your config before our next release.
[W 2026-06-09 16:25:49.641 ServerApp] ServerApp.token config is deprecated in 2.0. Use IdentityProvider.token.
[I 2026-06-09 16:25:49.641 ServerApp] jupyterlab | extension was successfully linked.
[I 2026-06-09 16:25:49.645 ServerApp] notebook | extension was successfully linked.
[I 2026-06-09 16:25:50.659 ServerApp] notebook_shim | extension was successfully linked.
[W 2026-06-09 16:25:50.754 ServerApp] All authentication is disabled.  Anyone who can connect to this server will be able to run code.
[I 2026-06-09 16:25:50.755 ServerApp] notebook_shim | extension was successfully loaded.
[I 2026-06-09 16:25:50.758 ServerApp] jupyter_lsp | extension was successfully loaded.
[I 2026-06-09 16:25:50.759 ServerApp] jupyter_server_terminals | extension was successfully loaded.
[I 2026-06-09 16:25:50.773 LabApp] JupyterLab extension loaded from /home/achin/COS40007-Group/.venv/lib64/python3.9/site-packages/jupyterlab
[I 2026-06-09 16:25:50.773 LabApp] JupyterLab application directory is /home/achin/COS40007-Group/.venv/share/jupyter/lab
[I 2026-06-09 16:25:50.775 LabApp] Extension Manager is 'pypi'.
[I 2026-06-09 16:25:50.888 ServerApp] jupyterlab | extension was successfully loaded.
[I 2026-06-09 16:25:50.895 ServerApp] notebook | extension was successfully loaded.
[I 2026-06-09 16:25:50.895 ServerApp] Serving notebooks from local directory: /home/achin/COS40007-Group
[I 2026-06-09 16:25:50.895 ServerApp] Jupyter Server 2.18.2 is running at:
[I 2026-06-09 16:25:50.895 ServerApp] http://gina12:38691/tree
[I 2026-06-09 16:25:50.896 ServerApp]     http://127.0.0.1:38691/tree
[I 2026-06-09 16:25:50.896 ServerApp] Use Control-C to stop this server and shut down all kernels (twice to skip confirmation).
[I 2026-06-09 16:25:51.003 ServerApp] Skipped non-installed server(s): basedpyright, bash-language-server, dockerfile-language-server-nodejs, javascript-typescript-langserver, jedi-language-server, julia-language-server, pyrefly, pyright, python-language-server, python-lsp-server, r-languageserver, sql-language-server, texlab, typescript-language-server, unified-language-server, vscode-css-languageserver-bin, vscode-html-languageserver-bin, vscode-json-languageserver-bin, yaml-language-server
